*I,imc.tool.cov.version.diff: "There is a difference between the IMC tool version 24.03 and the coverage version 24.09-s005"
*I,RUNLD: Successfully loaded run /home/student/nkapuscinska/VDIC/MTM_VDIC_nkapuscinska/lab08example/run/cov_work/scope/dual_test.
*I,MERGL1: Merging Simulation Coverage ...
----------------------------
*I,MERGL1: Preparing target model ...
*I,MERGL1: Reading model of primary run (cov_work/scope/dual_test) as initial model: cov_work/scope/icc_1008cfb2_15845b7f.ucm
*I,MERGL1: Target model generated successfully.
*I,MERGL1: Projecting Simulation ucd data into the target model ...
*I,MERGL2:   cov_work/scope/dual_test:
*I,MERGL3:       Data is projected in to the target model.
*I,MERGL1: Writing output database cov_work/scope/merged_results:
*I,MERGL2:   Model: cov_work/scope/merged_results/icc_1008cfb2_15845b7f.ucm
*I,MERGL2:   Data : cov_work/scope/merged_results/icc_1008cfb2_15845b7f.ucd
*I,MERGL1: No Specman coverage databases found in the runs.
Total conflicts during target model creation: 0
Total items not merged                      : 0
Total runs not considered during target model creation: 0
Total runs not merged                                 : 0
*I,imc.tool.cov.version.diff: "There is a difference between the IMC tool version 24.03 and the coverage version 24.09-s005"
*I,RUNLD: Successfully loaded run /home/student/nkapuscinska/VDIC/MTM_VDIC_nkapuscinska/lab08example/run/cov_work/scope/merged_results.
*W,REPDEP: This is a legacy report and no future enhancement is planned for this report. It is recommended that you use the 'report_metrics' command and generate a dynamic report.
name                                     Overall Average      Overall Covered      Code Average         Code Covered         Fsm Average          Fsm Covered          Functional Average   Functional Covered   
-----------------------------------------------------------------------------------------------------------------------------------------------------------------------------------------------------------------
uvm_pkg                                  n/a                  n/a                  n/a                  n/a                  n/a                  n/a                  n/a                  n/a                  
|--uvm_test_top                          n/a                  n/a                  n/a                  n/a                  n/a                  n/a                  n/a                  n/a                  
| |--env_h                               n/a                  n/a                  n/a                  n/a                  n/a                  n/a                  n/a                  n/a                  
| | |--class_tinyalu_agent_h             n/a                  n/a                  n/a                  n/a                  n/a                  n/a                  n/a                  n/a                  
| | | |--coverage_h                      100.00%              100.00% (60/60)      n/a                  n/a                  n/a                  n/a                  100.00%              100.00% (60/60)      
| | |--module_tinyalu_agent_h            n/a                  n/a                  n/a                  n/a                  n/a                  n/a                  n/a                  n/a                  
| | | |--coverage_h                      92.68%               90.00% (54/60)       n/a                  n/a                  n/a                  n/a                  92.68%               90.00% (54/60)       
top                                      100.00%              100.00% (3/3)        100.00%              100.00% (3/3)        n/a                  n/a                  n/a                  n/a                  
|--class_bfm                             98.29%               97.67% (84/86)       98.29%               97.67% (84/86)       n/a                  n/a                  n/a                  n/a                  
|--class_dut                             100.00%              100.00% (106/106)    100.00%              100.00% (106/106)    n/a                  n/a                  n/a                  n/a                  
| |--u_single_cycle                      89.29%               93.44% (57/61)       89.29%               93.44% (57/61)       n/a                  n/a                  n/a                  n/a                  
| |--u_three_cycle                       100.00%              100.00% (79/79)      100.00%              100.00% (79/79)      n/a                  n/a                  n/a                  n/a                  
|--module_bfm                            98.29%               97.67% (84/86)       98.29%               97.67% (84/86)       n/a                  n/a                  n/a                  n/a                  
|--module_dut                            100.00%              100.00% (106/106)    100.00%              100.00% (106/106)    n/a                  n/a                  n/a                  n/a                  
| |--u_single_cycle                      89.29%               93.44% (57/61)       89.29%               93.44% (57/61)       n/a                  n/a                  n/a                  n/a                  
| |--u_three_cycle                       100.00%              100.00% (79/79)      100.00%              100.00% (79/79)      n/a                  n/a                  n/a                  n/a                  
|--stim_module                           98.28%               96.97% (32/33)       98.28%               96.97% (32/33)       n/a                  n/a                  n/a                  n/a                  
